Microchip MPLAB XC8 Compiler V2.36

Linker command line:

-W-3 --edf=C:\Program Files\Microchip\xc8\v2.36\pic\dat\en_msgs.txt -cn \
  -h+dist/default/production\Record_203.production.sym \
  --cmf=dist/default/production\Record_203.production.cmf -z -Q18F4620 \
  -oC:\Users\mohmm\AppData\Local\Temp\xcAs36g.4 --defsym=__MPLAB_BUILD=1 \
  -Mdist/default/production/Record_203.production.map \
  --md=C:\Users\mohmm\AppData\Local\Temp\xcAs36g.dat -E1 -ver=XC8 Compiler \
  --acfsm=1493 -ACODE=00h-0FFFFh -ACONST=00h-0FFFFh \
  -ASMALLCONST=01000h-010FFhx240 -AMEDIUMCONST=01000h-0FFFFh \
  -ACOMRAM=01h-07Fh -AABS1=00h-0F7Fh -ABIGRAM=01h-0F7Fh \
  -ARAM=080h-0FFh,0100h-01FFhx14,0F00h-0F7Fh -ABANK0=080h-0FFh \
  -ABANK1=0100h-01FFh -ABANK2=0200h-02FFh -ABANK3=0300h-03FFh \
  -ABANK4=0400h-04FFh -ABANK5=0500h-05FFh -ABANK6=0600h-06FFh \
  -ABANK7=0700h-07FFh -ABANK8=0800h-08FFh -ABANK9=0900h-09FFh \
  -ABANK10=0A00h-0AFFh -ABANK11=0B00h-0BFFh -ABANK12=0C00h-0CFFh \
  -ABANK13=0D00h-0DFFh -ABANK14=0E00h-0EFFh -ABANK15=0F00h-0F7Fh \
  -ASFR=0F80h-0FFFh -ABIGSFR=0F80h-0FFFh -ACONFIG=0300000h-030000Dh \
  -AIDLOC=0200000h-0200007h -AEEDATA=0F00000h-0F003FFh -peeprom_data=EEDATA \
  -preset_vec=00h,intcode=08h,intcodelo,powerup,init -pramtop=01000h \
  -psmallconst=SMALLCONST -pmediumconst=MEDIUMCONST -pconst=CONST \
  -AFARRAM=00h-00h \
  -prdata=COMRAM,nvrram=COMRAM,nvbit=COMRAM,rbss=COMRAM,rbit=COMRAM \
  -pfarbss=FARRAM,fardata=FARRAM,nvFARRAM=FARRAM \
  -pintsave_regs=BIGRAM,bigbss=BIGRAM,bigdata=BIGRAM -pbss=RAM \
  -pidata=CODE,irdata=CODE,ibigdata=CODE,ifardata=CODE -prparam=COMRAM \
  C:\Users\mohmm\AppData\Local\Temp\xcAs36g.o \
  dist/default/production\Record_203.production.o 

Object code version is 3.11

Machine type is 18F4620



                Name                               Link     Load   Length Selector   Space Scale
C:\Users\mohmm\AppData\Local\Temp\xcAs36g.o
                idloc                            200000   200000        8        0       5
                config                           300000   300000        E        0       4
                init                                  E        E        4        4       0
                reset_vec                             0        0        4        0       0
dist/default/production\Record_203.production.o
                intcode                               8        8        6        4       0
                idloc                            200000   200000        8        0       5
                config                           300000   300000        E        0       4
                temp                                 7E       7E        1        1       1
                smallconst                         1000     1000       16      800       0
                text31                             1C78     1C78        4      DDD       0
                text30                             1C74     1C74        4      DDD       0
                text29                             1C70     1C70        4      DDD       0
                text28                             1C80     1C80        2      DDD       0
                text27                             1C6C     1C6C        4      DDD       0
                text26                             1C68     1C68        4      DDD       0
                text25                             1C64     1C64        4      DDD       0
                text24                             1C60     1C60        4      DDD       0
                text23                             1C5C     1C5C        4      DDD       0
                text22                             1C58     1C58        4      DDD       0
                text21                             1C7E     1C7E        2      DDD       0
                text20                             1C08     1C08       1A      DDD       0
                text19                             1BEE     1BEE       1A      DDD       0
                text18                             1BD4     1BD4       1A      DDD       0
                text17                             1BBA     1BBA       1A      DDD       0
                text16                             1C3A     1C3A        C      DDD       0
                text15                             1C2E     1C2E        C      DDD       0
                text14                             1C50     1C50        8      DDD       0
                text13                             1C22     1C22        C      DDD       0
                intcode_body                       1016     1016      406      80B       0
                text11                             1C7C     1C7C        2      DDD       0
                text10                             1576     1576      144      80B       0
                text9                              1B64     1B64       32      80B       0
                text8                              1A6C     1A6C       5C      80B       0
                text7                              141C     141C      15A      80B       0
                text6                              1B1E     1B1E       46      80B       0
                text5                              16BA     16BA      12C      80B       0
                text4                              1A00     1A00       6C      80B       0
                text3                              187E     187E       82      80B       0
                text2                              1980     1980       80      80B       0
                text1                              1900     1900       80      80B       0
                text0                              17E6     17E6       98      80B       0
                cstackCOMRAM                         6B       6B       13        1       1
                cstackBANK0                          8A       8A        2       80       1
                dataBANK0                            80       80        A       80       1
                dataCOMRAM                           48       48       23        1       1
                bssCOMRAM                             1        1       47        1       1
                cinit                              1AC8     1AC8       56      80B       0
                nvBANK0                              8C       8C        1       80       1
                idataBANK0                         1C46     1C46        A      DDD       0
                idataCOMRAM                        1B96     1B96       23      80B       0

TOTAL           Name                               Link     Load   Length     Space
        CLASS   CODE           
                intcode                               8        8        6         0
                init                                  E        E        4         0
                reset_vec                             0        0        4         0
                text31                             1C78     1C78        4         0
                text30                             1C74     1C74        4         0
                text29                             1C70     1C70        4         0
                text28                             1C80     1C80        2         0
                text27                             1C6C     1C6C        4         0
                text26                             1C68     1C68        4         0
                text25                             1C64     1C64        4         0
                text24                             1C60     1C60        4         0
                text23                             1C5C     1C5C        4         0
                text22                             1C58     1C58        4         0
                text21                             1C7E     1C7E        2         0
                text20                             1C08     1C08       1A         0
                text19                             1BEE     1BEE       1A         0
                text18                             1BD4     1BD4       1A         0
                text17                             1BBA     1BBA       1A         0
                text16                             1C3A     1C3A        C         0
                text15                             1C2E     1C2E        C         0
                text14                             1C50     1C50        8         0
                text13                             1C22     1C22        C         0
                intcode_body                       1016     1016      406         0
                text11                             1C7C     1C7C        2         0
                text10                             1576     1576      144         0
                text9                              1B64     1B64       32         0
                text8                              1A6C     1A6C       5C         0
                text7                              141C     141C      15A         0
                text6                              1B1E     1B1E       46         0
                text5                              16BA     16BA      12C         0
                text4                              1A00     1A00       6C         0
                text3                              187E     187E       82         0
                text2                              1980     1980       80         0
                text1                              1900     1900       80         0
                text0                              17E6     17E6       98         0
                cinit                              1AC8     1AC8       56         0
                idataBANK0                         1C46     1C46        A         0
                idataCOMRAM                        1B96     1B96       23         0

        CLASS   CONST          

        CLASS   SMALLCONST     
                smallconst                         1000     1000       16         0

        CLASS   MEDIUMCONST    

        CLASS   COMRAM         
                temp                                 7E       7E        1         1
                cstackCOMRAM                         6B       6B       13         1
                dataCOMRAM                           48       48       23         1
                bssCOMRAM                             1        1       47         1

        CLASS   ABS1           

        CLASS   BIGRAM         

        CLASS   RAM            

        CLASS   BANK0          
                cstackBANK0                          8A       8A        2         1
                dataBANK0                            80       80        A         1
                nvBANK0                              8C       8C        1         1

        CLASS   BANK1          

        CLASS   BANK2          

        CLASS   BANK3          

        CLASS   BANK4          

        CLASS   BANK5          

        CLASS   BANK6          

        CLASS   BANK7          

        CLASS   BANK8          

        CLASS   BANK9          

        CLASS   BANK10         

        CLASS   BANK11         

        CLASS   BANK12         

        CLASS   BANK13         

        CLASS   BANK14         

        CLASS   BANK15         

        CLASS   SFR            

        CLASS   BIGSFR         

        CLASS   CONFIG         
                config                           300000   300000        E         4

        CLASS   IDLOC          
                idloc                            200000   200000        8         5

        CLASS   EEDATA         

        CLASS   FARRAM         

        CLASS   HEAP           

        CLASS   STACK          



SEGMENTS        Name                           Load    Length   Top    Selector   Space  Class

                reset_vec                      000000  000004  000004         0       0  CODE    
                bssCOMRAM                      000001  00007E  00007F         1       1  COMRAM  
                intcode                        000008  00000A  000012         4       0  CODE    
                dataBANK0                      000080  00000D  00008D        80       1  BANK0   
                smallconst                     001000  000016  001016       800       0  SMALLCON
                intcode_body                   001016  000BA3  001BB9       80B       0  CODE    
                text17                         001BBA  0000C8  001C82       DDD       0  CODE    


UNUSED ADDRESS RANGES

        Name                Unused          Largest block    Delta
        BANK0            00008D-0000FF               73
        BANK1            000100-0001FF              100
        BANK10           000A00-000AFF              100
        BANK11           000B00-000BFF              100
        BANK12           000C00-000CFF              100
        BANK13           000D00-000DFF              100
        BANK14           000E00-000EFF              100
        BANK15           000F00-000F7F               80
        BANK2            000200-0002FF              100
        BANK3            000300-0003FF              100
        BANK4            000400-0004FF              100
        BANK5            000500-0005FF              100
        BANK6            000600-0006FF              100
        BANK7            000700-0007FF              100
        BANK8            000800-0008FF              100
        BANK9            000900-0009FF              100
        BIGRAM           00007F-00007F                1
                         00008D-000F7F              EF3
        BIGSFR           000F80-000FFF               80
        CODE             000004-000007                4
                         000012-000FFF              FEE
                         001BB9-001BB9                1
                         001C82-00FFFF             E37E
        COMRAM           00007F-00007F                1
        CONST            000004-000007                4
                         000012-000FFF              FEE
                         001BB9-001BB9                1
                         001C82-00FFFF             E37E
        EEDATA           F00000-F003FF              400
        MEDIUMCONST      001BB9-001BB9                1
                         001C82-00FFFF             E37E
        RAM              00008D-000F7F              100
        SFR              000F80-000FFF               80
        SMALLCONST       001BB9-001BB9                1
                         001C82-00FFFF              100

                                  Symbol Table

MSSP_SPI_Interrupt_Init@Config                        cstackCOMRAM 00006C
MSSP_SPI_Msster_Mode_GPIO_PIN_Configurations@Config   cstackCOMRAM 000075
MSSP_SPI_Msster_Mode_GPIO_PIN_Configurations@F3055    dataCOMRAM   000062
MSSP_SPI_Msster_Mode_GPIO_PIN_Configurations@F3057    dataCOMRAM   000061
MSSP_SPI_Msster_Mode_GPIO_PIN_Configurations@F3059    dataCOMRAM   000060
MSSP_SPI_Msster_Mode_GPIO_PIN_Configurations@SPI_CLK  cstackCOMRAM 000079
MSSP_SPI_Msster_Mode_GPIO_PIN_Configurations@SPI_SDI  cstackCOMRAM 000078
MSSP_SPI_Msster_Mode_GPIO_PIN_Configurations@SPI_SDO  cstackCOMRAM 000077
MSSP_SPI_Slave_Mode_GPIO_PIN_Configurations@Config    cstackCOMRAM 000075
MSSP_SPI_Slave_Mode_GPIO_PIN_Configurations@F3064     dataCOMRAM   00005F
MSSP_SPI_Slave_Mode_GPIO_PIN_Configurations@F3066     dataCOMRAM   00005E
MSSP_SPI_Slave_Mode_GPIO_PIN_Configurations@F3068     dataCOMRAM   00005D
MSSP_SPI_Slave_Mode_GPIO_PIN_Configurations@F3070     dataCOMRAM   00005C
MSSP_SPI_Slave_Mode_GPIO_PIN_Configurations@SPI_CLK   cstackCOMRAM 00007A
MSSP_SPI_Slave_Mode_GPIO_PIN_Configurations@SPI_SDI   cstackCOMRAM 000079
MSSP_SPI_Slave_Mode_GPIO_PIN_Configurations@SPI_SDO   cstackCOMRAM 000078
MSSP_SPI_Slave_Mode_GPIO_PIN_Configurations@SPI_SS    cstackCOMRAM 00007B
RB4_ISR@RB4_Source                                    cstackCOMRAM 00006B
RB5_ISR@RB5_Source                                    cstackCOMRAM 00006B
RB6_ISR@RB6_Source                                    cstackCOMRAM 00006B
RB7_ISR@RB7_Source                                    cstackCOMRAM 00006B
SPI_Init@Config                                       cstackCOMRAM 00007C
SPI_Read_Byte@Config                                  cstackCOMRAM 00006C
SPI_Read_Byte@_data                                   cstackCOMRAM 00006E
_ADCON0bits                                           (abs)        000FC2
_ADCON1bits                                           (abs)        000FC1
_ADCON2bits                                           (abs)        000FC0
_ADC_ISR                                              text31       001C78
_ADC_InterruptHandler                                 bssCOMRAM    00003D
_ADRESH                                               (abs)        000FC4
_ADRESL                                               (abs)        000FC3
_BAUDCONbits                                          (abs)        000FB8
_CCP1CONbits                                          (abs)        000FBD
_CCP1_ISR                                             text30       001C74
_CCP1_InterruptHandler                                bssCOMRAM    00003B
_CCP2CONbits                                          (abs)        000FBA
_CCP2_ISR                                             text29       001C70
_CCP2_InterruptHandler                                bssCOMRAM    000039
_CCPR1L                                               (abs)        000FBE
_CCPR2L                                               (abs)        000FBB
_EEADR                                                (abs)        000FA9
_EEADRH                                               (abs)        000FAA
_EECON1bits                                           (abs)        000FA6
_EECON2                                               (abs)        000FA7
_EEDATA                                               (abs)        000FA8
_EUSART_FramingErrorHandler                           bssCOMRAM    000009
_EUSART_OverrunErrorHandler                           bssCOMRAM    000007
_EUSART_RX_ISR                                        text28       001C80
_EUSART_RxInterruptHandler                            bssCOMRAM    00000B
_EUSART_TX_ISR                                        text27       001C6C
_EUSART_TxInterruptHandler                            bssCOMRAM    00000D
_I2C_DefaultInterruptHandle                           bssCOMRAM    000035
_I2C_Report_Receive_Overflow_InterruptHandle          bssCOMRAM    000033
_I2C_Report_Write_Collision_InterruptHandler          bssCOMRAM    000037
_INT0_ISR                                             text26       001C68
_INT0_InterruptHandler                                bssCOMRAM    000031
_INT1_ISR                                             text25       001C64
_INT1_InterruptHandler                                bssCOMRAM    00002F
_INT2_ISR                                             text24       001C60
_INT2_InterruptHandler                                bssCOMRAM    00002D
_INTCON2bits                                          (abs)        000FF1
_INTCON3bits                                          (abs)        000FF0
_INTCONbits                                           (abs)        000FF2
_InterruptManager                                     intcode      000008
_LATA                                                 (abs)        000F89
_LATB                                                 (abs)        000F8A
_LATC                                                 (abs)        000F8B
_LATD                                                 (abs)        000F8C
_LATE                                                 (abs)        000F8D
_MSSP_I2C_BC_ISR                                      text23       001C5C
_MSSP_I2C_ISR                                         text22       001C58
_MSSP_SPI_ISR                                         text21       001C7E
_MSSP_SPI_Interrupt_Init                              text11       001C7C
_MSSP_SPI_Msster_Mode_GPIO_PIN_Configurations         text9        001B64
_MSSP_SPI_Slave_Mode_GPIO_PIN_Configurations          text8        001A6C
_PIE1bits                                             (abs)        000F9D
_PIE2bits                                             (abs)        000FA0
_PIR1bits                                             (abs)        000F9E
_PIR2bits                                             (abs)        000FA1
_PORTA                                                (abs)        000F80
_PORTB                                                (abs)        000F81
_PORTBbits                                            (abs)        000F81
_PORTC                                                (abs)        000F82
_PORTD                                                (abs)        000F83
_PORTE                                                (abs)        000F84
_PR2                                                  (abs)        000FCB
_RB4_Flag                                             dataCOMRAM   000066
_RB4_ISR                                              text20       001C08
_RB4_InterruptHandler_HIGH                            bssCOMRAM    00002B
_RB4_InterruptHandler_LOW                             bssCOMRAM    000029
_RB5_Flag                                             dataCOMRAM   000065
_RB5_ISR                                              text19       001BEE
_RB5_InterruptHandler_HIGH                            bssCOMRAM    000027
_RB5_InterruptHandler_LOW                             bssCOMRAM    000025
_RB6_Flag                                             dataCOMRAM   000064
_RB6_ISR                                              text18       001BD4
_RB6_InterruptHandler_HIGH                            bssCOMRAM    000023
_RB6_InterruptHandler_LOW                             bssCOMRAM    000021
_RB7_Flag                                             dataCOMRAM   000063
_RB7_ISR                                              text17       001BBA
_RB7_InterruptHandler_HIGH                            bssCOMRAM    00001F
_RB7_InterruptHandler_LOW                             bssCOMRAM    00001D
_RCREG                                                (abs)        000FAE
_RCSTAbits                                            (abs)        000FAB
_SPBRG                                                (abs)        000FAF
_SPBRGH                                               (abs)        000FB0
_SPI_Init                                             text7        00141C
_SPI_Obj                                              dataCOMRAM   000067
_SPI_Read_Byte                                        text6        001B1E
_SPI_SS                                               dataCOMRAM   000069
_SSPADD                                               (abs)        000FC8
_SSPBUF                                               (abs)        000FC9
_SSPCON1bits                                          (abs)        000FC6
_SSPCON2bits                                          (abs)        000FC5
_SSPSTATbits                                          (abs)        000FC7
_T0CONbits                                            (abs)        000FD5
_T1CONbits                                            (abs)        000FCD
_T2CONbits                                            (abs)        000FCA
_T3CONbits                                            (abs)        000FB1
_TMR0H                                                (abs)        000FD7
_TMR0L                                                (abs)        000FD6
_TMR0_ISR                                             text16       001C3A
_TMR0_InterruptHandler                                bssCOMRAM    00001B
_TMR1H                                                (abs)        000FCF
_TMR1L                                                (abs)        000FCE
_TMR1_ISR                                             text15       001C2E
_TMR1_InterruptHandler                                bssCOMRAM    000017
_TMR2                                                 (abs)        000FCC
_TMR2_ISR                                             text14       001C50
_TMR2_InterruptHandler                                bssCOMRAM    000013
_TMR3H                                                (abs)        000FB3
_TMR3L                                                (abs)        000FB2
_TMR3_ISR                                             text13       001C22
_TMR3_InterruptHandler                                bssCOMRAM    000011
_TRISA                                                (abs)        000F92
_TRISB                                                (abs)        000F93
_TRISC                                                (abs)        000F94
_TRISCbits                                            (abs)        000F94
_TRISD                                                (abs)        000F95
_TRISE                                                (abs)        000F96
_TXREG                                                (abs)        000FAD
_TXSTAbits                                            (abs)        000FAC
__HRAM                                                (abs)        000000
__Habs1                                               abs1         000000
__Hbank0                                              bank0        000000
__Hbank1                                              bank1        000000
__Hbank10                                             bank10       000000
__Hbank11                                             bank11       000000
__Hbank12                                             bank12       000000
__Hbank13                                             bank13       000000
__Hbank14                                             bank14       000000
__Hbank15                                             bank15       000000
__Hbank2                                              bank2        000000
__Hbank3                                              bank3        000000
__Hbank4                                              bank4        000000
__Hbank5                                              bank5        000000
__Hbank6                                              bank6        000000
__Hbank7                                              bank7        000000
__Hbank8                                              bank8        000000
__Hbank9                                              bank9        000000
__Hbigbss                                             bigbss       000000
__Hbigdata                                            bigdata      000000
__Hbigram                                             bigram       000000
__Hbigsfr                                             bigsfr       000000
__Hbss                                                bss          000000
__HbssCOMRAM                                          bssCOMRAM    000000
__Hcinit                                              cinit        000000
__Hclrtext                                            clrtext      000000
__Hcomram                                             comram       000000
__Hconfig                                             config       30000E
__Hconst                                              const        000000
__HcstackBANK0                                        cstackBANK0  000000
__HcstackCOMRAM                                       cstackCOMRAM 000000
__Hdata                                               data         000000
__HdataBANK0                                          dataBANK0    000000
__HdataCOMRAM                                         dataCOMRAM   000000
__Heeprom_data                                        eeprom_data  000000
__Hfarbss                                             farbss       000000
__Hfardata                                            fardata      000000
__Hheap                                               heap         000000
__Hibigdata                                           ibigdata     000000
__Hidata                                              idata        000000
__HidataBANK0                                         idataBANK0   000000
__HidataCOMRAM                                        idataCOMRAM  000000
__Hidloc                                              idloc        200008
__Hifardata                                           ifardata     000000
__Hinit                                               init         000012
__Hintcode                                            intcode      00000E
__Hintcode_body                                       intcode_body 000000
__Hintcodelo                                          intcodelo    00000E
__Hintentry                                           intentry     000000
__Hintret                                             intret       000000
__Hintsave_regs                                       intsave_regs 000000
__Hirdata                                             irdata       000000
__Hmediumconst                                        mediumconst  000000
__HnvBANK0                                            nvBANK0      000000
__HnvFARRAM                                           nvFARRAM     000000
__Hnvbit                                              nvbit        000000
__Hnvrram                                             nvrram       000000
__Hparam                                              rparam       000000
__Hpowerup                                            powerup      00000E
__Hram                                                ram          000000
__Hramtop                                             ramtop       001000
__Hrbit                                               rbit         000000
__Hrbss                                               rbss         000000
__Hrdata                                              rdata        000000
__Hreset_vec                                          reset_vec    000004
__Hrparam                                             rparam       000000
__Hsfr                                                sfr          000000
__Hsmallconst                                         smallconst   001016
__Hspace_0                                            (abs)        001C82
__Hspace_1                                            (abs)        00008D
__Hspace_2                                            (abs)        000000
__Hspace_4                                            (abs)        60000E
__Hstack                                              stack        000000
__Hstruct                                             struct       000000
__Htemp                                               temp         00007F
__Htext                                               text         000000
__Htext0                                              text0        000000
__Htext1                                              text1        000000
__Htext10                                             text10       000000
__Htext11                                             text11       000000
__Htext13                                             text13       000000
__Htext14                                             text14       000000
__Htext15                                             text15       000000
__Htext16                                             text16       000000
__Htext17                                             text17       000000
__Htext18                                             text18       000000
__Htext19                                             text19       000000
__Htext2                                              text2        000000
__Htext20                                             text20       000000
__Htext21                                             text21       000000
__Htext22                                             text22       000000
__Htext23                                             text23       000000
__Htext24                                             text24       000000
__Htext25                                             text25       000000
__Htext26                                             text26       000000
__Htext27                                             text27       000000
__Htext28                                             text28       000000
__Htext29                                             text29       000000
__Htext3                                              text3        000000
__Htext30                                             text30       000000
__Htext31                                             text31       000000
__Htext4                                              text4        000000
__Htext5                                              text5        000000
__Htext6                                              text6        000000
__Htext7                                              text7        000000
__Htext8                                              text8        000000
__Htext9                                              text9        000000
__LRAM                                                (abs)        000001
__Labs1                                               abs1         000000
__Lbank0                                              bank0        000000
__Lbank1                                              bank1        000000
__Lbank10                                             bank10       000000
__Lbank11                                             bank11       000000
__Lbank12                                             bank12       000000
__Lbank13                                             bank13       000000
__Lbank14                                             bank14       000000
__Lbank15                                             bank15       000000
__Lbank2                                              bank2        000000
__Lbank3                                              bank3        000000
__Lbank4                                              bank4        000000
__Lbank5                                              bank5        000000
__Lbank6                                              bank6        000000
__Lbank7                                              bank7        000000
__Lbank8                                              bank8        000000
__Lbank9                                              bank9        000000
__Lbigbss                                             bigbss       000000
__Lbigdata                                            bigdata      000000
__Lbigram                                             bigram       000000
__Lbigsfr                                             bigsfr       000000
__Lbss                                                bss          000000
__LbssCOMRAM                                          bssCOMRAM    000000
__Lcinit                                              cinit        000000
__Lclrtext                                            clrtext      000000
__Lcomram                                             comram       000000
__Lconfig                                             config       000000
__Lconst                                              const        000000
__LcstackBANK0                                        cstackBANK0  000000
__LcstackCOMRAM                                       cstackCOMRAM 000000
__Ldata                                               data         000000
__LdataBANK0                                          dataBANK0    000000
__LdataCOMRAM                                         dataCOMRAM   000000
__Leeprom_data                                        eeprom_data  000000
__Lfarbss                                             farbss       000000
__Lfardata                                            fardata      000000
__Lheap                                               heap         000000
__Libigdata                                           ibigdata     000000
__Lidata                                              idata        000000
__LidataBANK0                                         idataBANK0   000000
__LidataCOMRAM                                        idataCOMRAM  000000
__Lidloc                                              idloc        000000
__Lifardata                                           ifardata     000000
__Linit                                               init         00000E
__Lintcode                                            intcode      000008
__Lintcode_body                                       intcode_body 000000
__Lintcodelo                                          intcodelo    00000E
__Lintentry                                           intentry     000000
__Lintret                                             intret       000000
__Lintsave_regs                                       intsave_regs 000000
__Lirdata                                             irdata       000000
__Lmediumconst                                        mediumconst  000000
__LnvBANK0                                            nvBANK0      000000
__LnvFARRAM                                           nvFARRAM     000000
__Lnvbit                                              nvbit        000000
__Lnvrram                                             nvrram       000000
__Lparam                                              rparam       000000
__Lpowerup                                            powerup      00000E
__Lram                                                ram          000000
__Lramtop                                             ramtop       001000
__Lrbit                                               rbit         000000
__Lrbss                                               rbss         000000
__Lrdata                                              rdata        000000
__Lreset_vec                                          reset_vec    000000
__Lrparam                                             rparam       000000
__Lsfr                                                sfr          000000
__Lsmallconst                                         smallconst   001000
__Lspace_0                                            (abs)        000000
__Lspace_1                                            (abs)        000000
__Lspace_2                                            (abs)        000000
__Lspace_4                                            (abs)        000000
__Lstack                                              stack        000000
__Lstruct                                             struct       000000
__Ltemp                                               temp         00007E
__Ltext                                               text         000000
__Ltext0                                              text0        000000
__Ltext1                                              text1        000000
__Ltext10                                             text10       000000
__Ltext11                                             text11       000000
__Ltext13                                             text13       000000
__Ltext14                                             text14       000000
__Ltext15                                             text15       000000
__Ltext16                                             text16       000000
__Ltext17                                             text17       000000
__Ltext18                                             text18       000000
__Ltext19                                             text19       000000
__Ltext2                                              text2        000000
__Ltext20                                             text20       000000
__Ltext21                                             text21       000000
__Ltext22                                             text22       000000
__Ltext23                                             text23       000000
__Ltext24                                             text24       000000
__Ltext25                                             text25       000000
__Ltext26                                             text26       000000
__Ltext27                                             text27       000000
__Ltext28                                             text28       000000
__Ltext29                                             text29       000000
__Ltext3                                              text3        000000
__Ltext30                                             text30       000000
__Ltext31                                             text31       000000
__Ltext4                                              text4        000000
__Ltext5                                              text5        000000
__Ltext6                                              text6        000000
__Ltext7                                              text7        000000
__Ltext8                                              text8        000000
__Ltext9                                              text9        000000
__S0                                                  (abs)        001C82
__S1                                                  (abs)        00008D
__S4                                                  (abs)        000000
__S5                                                  (abs)        000000
___heap_hi                                            (abs)        000000
___heap_lo                                            (abs)        000000
___inthi_sp                                           stack        000000
___intlo_sp                                           stack        000000
___param_bank                                         (abs)        000000
___rparam_used                                        (abs)        000001
___sp                                                 stack        000000
__accesstop                                           (abs)        000080
__activetblptr                                        (abs)        000003
__end_of_ADC_ISR                                      text31       001C7C
__end_of_CCP1_ISR                                     text30       001C78
__end_of_CCP2_ISR                                     text29       001C74
__end_of_EUSART_RX_ISR                                text28       001C82
__end_of_EUSART_TX_ISR                                text27       001C70
__end_of_INT0_ISR                                     text26       001C6C
__end_of_INT1_ISR                                     text25       001C68
__end_of_INT2_ISR                                     text24       001C64
__end_of_InterruptManager                             intcode_body 00141C
__end_of_MSSP_I2C_BC_ISR                              text23       001C60
__end_of_MSSP_I2C_ISR                                 text22       001C5C
__end_of_MSSP_SPI_ISR                                 text21       001C80
__end_of_MSSP_SPI_Interrupt_Init                      text11       001C7E
__end_of_MSSP_SPI_Msster_Mode_GPIO_PIN_Configurations text9        001B96
__end_of_MSSP_SPI_Slave_Mode_GPIO_PIN_Configurations  text8        001AC8
__end_of_RB4_ISR                                      text20       001C22
__end_of_RB5_ISR                                      text19       001C08
__end_of_RB6_ISR                                      text18       001BEE
__end_of_RB7_ISR                                      text17       001BD4
__end_of_SPI_Init                                     text7        001576
__end_of_SPI_Read_Byte                                text6        001B64
__end_of_TMR0_ISR                                     text16       001C46
__end_of_TMR1_ISR                                     text15       001C3A
__end_of_TMR2_ISR                                     text14       001C58
__end_of_TMR3_ISR                                     text13       001C2E
__end_of__initialization                              cinit        001B14
__end_of_btn_values                                   smallconst   001011
__end_of_gpio_pin_direction_intialize                 text10       0016BA
__end_of_gpio_pin_intialize                           text4        001A6C
__end_of_gpio_pin_write_logic                         text5        0017E6
__end_of_led_initialize                               text3        001900
__end_of_led_turn_off                                 text2        001A00
__end_of_led_turn_on                                  text1        001980
__end_of_main                                         text0        00187E
__initialization                                      cinit        001AC8
__mediumconst                                         mediumconst  000000
__pbssCOMRAM                                          bssCOMRAM    000001
__pcinit                                              cinit        001AC8
__pcstackBANK0                                        cstackBANK0  00008A
__pcstackCOMRAM                                       cstackCOMRAM 00006B
__pdataBANK0                                          dataBANK0    000080
__pdataCOMRAM                                         dataCOMRAM   000048
__pidataBANK0                                         idataBANK0   001C46
__pidataCOMRAM                                        idataCOMRAM  001B96
__pintcode                                            intcode      000008
__pintcode_body                                       intcode_body 001016
__pnvBANK0                                            nvBANK0      00008C
__psmallconst                                         smallconst   001000
__ptext0                                              text0        0017E6
__ptext1                                              text1        001900
__ptext10                                             text10       001576
__ptext11                                             text11       001C7C
__ptext13                                             text13       001C22
__ptext14                                             text14       001C50
__ptext15                                             text15       001C2E
__ptext16                                             text16       001C3A
__ptext17                                             text17       001BBA
__ptext18                                             text18       001BD4
__ptext19                                             text19       001BEE
__ptext2                                              text2        001980
__ptext20                                             text20       001C08
__ptext21                                             text21       001C7E
__ptext22                                             text22       001C58
__ptext23                                             text23       001C5C
__ptext24                                             text24       001C60
__ptext25                                             text25       001C64
__ptext26                                             text26       001C68
__ptext27                                             text27       001C6C
__ptext28                                             text28       001C80
__ptext29                                             text29       001C70
__ptext3                                              text3        00187E
__ptext30                                             text30       001C74
__ptext31                                             text31       001C78
__ptext4                                              text4        001A00
__ptext5                                              text5        0016BA
__ptext6                                              text6        001B1E
__ptext7                                              text7        00141C
__ptext8                                              text8        001A6C
__ptext9                                              text9        001B64
__ramtop                                              ramtop       001000
__smallconst                                          smallconst   001000
_gpio_pin_direction_intialize                         text10       001576
_gpio_pin_intialize                                   text4        001A00
_gpio_pin_write_logic                                 text5        0016BA
_lat_registers                                        dataCOMRAM   000048
_led_1                                                dataCOMRAM   00006A
_led_initialize                                       text3        00187E
_led_turn_off                                         text2        001980
_led_turn_on                                          text1        001900
_main                                                 text0        0017E6
_port_registers                                       dataBANK0    000080
_ret                                                  nvBANK0      00008C
_retValue                                             bssCOMRAM    000047
_timer0_preload                                       bssCOMRAM    000019
_timer1_preload                                       bssCOMRAM    000015
_timer2_preload                                       bssCOMRAM    00003F
_timer3_preload                                       bssCOMRAM    00000F
_tris_registers                                       dataCOMRAM   000052
btemp                                                 temp         00007E
end_of_initialization                                 cinit        001B14
gpio_pin_direction_intialize@_pin_config              cstackCOMRAM 00006C
gpio_pin_direction_intialize@ret                      cstackCOMRAM 000074
gpio_pin_intialize@_pin_config                        cstackCOMRAM 000076
gpio_pin_intialize@ret                                cstackCOMRAM 000079
gpio_pin_write_logic@_pin_config                      cstackCOMRAM 00006C
gpio_pin_write_logic@logic                            cstackCOMRAM 00006E
gpio_pin_write_logic@ret                              cstackCOMRAM 000075
int$flags                                             temp         00007E
int_func                                              intcode_body 001016
intlevel0                                             text         000000
intlevel1                                             text         000000
intlevel2                                             text         000000
intlevel3                                             text         000000
isa$std                                               (abs)        000001
isa$xinst                                             (abs)        000000
led_initialize@F3013                                  bssCOMRAM    000046
led_initialize@led                                    cstackCOMRAM 00007A
led_initialize@pin_obj                                cstackBANK0  00008B
led_initialize@ret                                    cstackBANK0  00008A
led_turn_off@F3023                                    bssCOMRAM    000044
led_turn_off@led                                      cstackCOMRAM 000076
led_turn_off@pin_obj                                  cstackCOMRAM 00007A
led_turn_off@ret                                      cstackCOMRAM 000079
led_turn_on@F3018                                     bssCOMRAM    000045
led_turn_on@led                                       cstackCOMRAM 000076
led_turn_on@pin_obj                                   cstackCOMRAM 00007A
led_turn_on@ret                                       cstackCOMRAM 000079
led_turn_toggle@F3028                                 bssCOMRAM    000043
relay_initialize@F3007                                bssCOMRAM    000042
relay_turn_off@F3017                                  bssCOMRAM    000040
relay_turn_on@F3012                                   bssCOMRAM    000041
stackhi                                               (abs)        000000
stacklo                                               (abs)        000000
start                                                 init         00000E
start_initialization                                  cinit        001AC8
ttemp5                                                temp         00007F
ttemp6                                                temp         000082
ttemp7                                                temp         000086
wtemp8                                                temp         00007F


MODULE INFORMATION

Module		Function		Class		Link	Load	Size
MCAL_Layer/Timer2/hal_timr2.c
		_TMR2_ISR      		CODE           	1C50	0000	8

MCAL_Layer/Timer2/hal_timr2.c estimated size: 8

MCAL_Layer/Timer0/hal_timr0.c
		_TMR0_ISR      		CODE           	1C3A	0000	12

MCAL_Layer/Timer0/hal_timr0.c estimated size: 12

MCAL_Layer/SPI/hal_spi.c
		_MSSP_SPI_Msster_Mode_GPIO_PIN_Configurations		CODE           	1B64	0000	50
		_MSSP_SPI_ISR  		CODE           	1C7E	0000	2
		_MSSP_SPI_Interrupt_Init		CODE           	1C7C	0000	2
		_MSSP_SPI_Slave_Mode_GPIO_PIN_Configurations		CODE           	1A6C	0000	92
		_SPI_Init      		CODE           	141C	0000	346
		_SPI_Read_Byte 		CODE           	1B1E	0000	70

MCAL_Layer/SPI/hal_spi.c estimated size: 562

MCAL_Layer/I2C/hal_i2c.c
		_MSSP_I2C_ISR  		CODE           	1C58	0000	4
		_MSSP_I2C_BC_ISR		CODE           	1C5C	0000	4

MCAL_Layer/I2C/hal_i2c.c estimated size: 8

MCAL_Layer/usart/hal_usart.c
		_EUSART_RX_ISR 		CODE           	1C80	0000	2
		_EUSART_TX_ISR 		CODE           	1C6C	0000	4

MCAL_Layer/usart/hal_usart.c estimated size: 6

MCAL_Layer/Timer3/hal_timr3.c
		_TMR3_ISR      		CODE           	1C22	0000	12

MCAL_Layer/Timer3/hal_timr3.c estimated size: 12

shared
		_btn_values    		SMALLCONST     	0000	0000	0
		__initialization		CODE           	1AC8	0000	76

shared estimated size: 76

MCAL_Layer/Interrupt/mcal_external_interrupt.c
		_RB4_ISR       		CODE           	1C08	0000	26
		_RB5_ISR       		CODE           	1BEE	0000	26
		_RB6_ISR       		CODE           	1BD4	0000	26
		_RB7_ISR       		CODE           	1BBA	0000	26
		_INT0_ISR      		CODE           	1C68	0000	4
		_INT1_ISR      		CODE           	1C64	0000	4
		_INT2_ISR      		CODE           	1C60	0000	4

MCAL_Layer/Interrupt/mcal_external_interrupt.c estimated size: 116

MCAL_Layer/ADC/hal_adc.c
		_ADC_ISR       		CODE           	1C78	0000	4

MCAL_Layer/ADC/hal_adc.c estimated size: 4

MCAL_Layer/Interrupt/mcal_interrupt_manager.c
		_InterruptManager		CODE           	0008	0000	1036

MCAL_Layer/Interrupt/mcal_interrupt_manager.c estimated size: 1036

MCAL_Layer/GPIO/hal_gpio.c
		_gpio_pin_write_logic		CODE           	16BA	0000	300
		_gpio_pin_intialize		CODE           	1A00	0000	108
		_gpio_pin_direction_intialize		CODE           	1576	0000	324

MCAL_Layer/GPIO/hal_gpio.c estimated size: 732

ECU_Layer/LED/ecu_led.c
		_led_initialize		CODE           	187E	0000	130
		_led_turn_on   		CODE           	1900	0000	128
		_led_turn_off  		CODE           	1980	0000	128

ECU_Layer/LED/ecu_led.c estimated size: 386

MCAL_Layer/Timer1/hal_timr1.c
		_TMR1_ISR      		CODE           	1C2E	0000	12

MCAL_Layer/Timer1/hal_timr1.c estimated size: 12

application.c
		_main          		CODE           	17E6	0000	152

application.c estimated size: 152

MCAL_Layer/CCP/hal_ccp.c
		_CCP1_ISR      		CODE           	1C74	0000	4
		_CCP2_ISR      		CODE           	1C70	0000	4

MCAL_Layer/CCP/hal_ccp.c estimated size: 8

